// Vitest Snapshot v1, https://vitest.dev/guide/snapshot.html

exports[`DOM snapshot 1`] = `
<button
  class="storybook-button storybook-button--medium storybook-button--secondary"
  data-testid="subject"
  type="button"
>
  Button
</button>
`;
